AST
    [ ValueDefinition
        ( TypeAnnotation "x" IntT )
    , ValueDefinition
        ( NameDefinition "x" []
            ( LitExpr
                ( IntLiteral 2 )
            )
        )
    ]
